// Jest Snapshot v1, https://goo.gl/fbAQLP

exports[`renders correctly 1`] = `
.c0 {
  list-style: none;
  display: -webkit-box;
  display: -webkit-flex;
  display: -ms-flexbox;
  display: flex;
  -webkit-flex-direction: column;
  -ms-flex-direction: column;
  flex-direction: column;
  height: 100vh;
  width: 48px;
  padding: 10px 5px;
  -webkit-align-items: center;
  -webkit-box-align: center;
  -ms-flex-align: center;
  align-items: center;
  background-color: rgba(0,0,5,0.85);
  box-shadow: 5px 0 10px 3px rgba(3,1,36,0.37);
  z-index: 10;
}

.c1 {
  margin: 10px auto;
  font-size: 24px;
  color: #00ffff;
  -webkit-transition: all 0.5s ease;
  transition: all 0.5s ease;
}

.c1:hover {
  cursor: pointer;
  color: #00ffff;
}

.c1:hover .fa {
  text-shadow: 0 0 10px #2fffff;
}

.c1.active {
  color: #ff0;
}

<ul
  className="c0"
>
  <li
    className="c1"
  >
    <img
      src="E:\\\\fsd\\\\electron-app\\\\src\\\\ui\\\\components\\\\menu\\\\logo-1.png"
      style={
        Object {
          "borderRadius": "50%",
        }
      }
    />
  </li>
  <li
    className="c1"
    onClick={[Function]}
  >
    <span
      aria-hidden={true}
      className="fa fa-bus"
    />
  </li>
</ul>
`;
