// Jest Snapshot v1, https://goo.gl/fbAQLP

exports[`renders correctly 1`] = `
<ul
  className="sc-bdVaJa iVqtFN"
>
  <li
    className="sc-bwzfXH dILcNu"
  >
    <img
      src="E:\\\\fsd\\\\electron-app\\\\src\\\\ui\\\\components\\\\menu\\\\logo-1.png"
      style={
        Object {
          "borderRadius": "50%",
        }
      }
    />
  </li>
  <li
    className="sc-bwzfXH dILcNu"
    onClick={[Function]}
  >
    <span
      aria-hidden={true}
      className="fa fa-bus"
    />
  </li>
</ul>
`;
